[
  {
    "id": 1777725975627.9126,
    "ts": "2026-05-02T12:46:15.627Z",
    "level": "info",
    "message": "Full sync complete: warning",
    "meta": {
      "company": "Company3"
    },
    "company": "Company3"
  },
  {
    "id": 1777721795631.5942,
    "ts": "2026-05-02T11:36:35.631Z",
    "level": "info",
    "message": "Full sync complete: warning",
    "meta": {
      "company": "Company3"
    },
    "company": "Company3"
  },
  {
    "id": 1777711505024.3171,
    "ts": "2026-05-02T08:45:05.024Z",
    "level": "info",
    "message": "Full sync complete: ok",
    "meta": {
      "company": "Company3"
    },
    "company": "Company3"
  },
  {
    "id": 1777710133225.771,
    "ts": "2026-05-02T08:22:13.225Z",
    "level": "info",
    "message": "Full sync complete: ok",
    "meta": {
      "company": "Company3"
    },
    "company": "Company3"
  },
  {
    "id": 1777708893808.2498,
    "ts": "2026-05-02T08:01:33.808Z",
    "level": "info",
    "message": "Full sync complete: ok",
    "meta": {
      "company": "Company3"
    },
    "company": "Company3"
  },
  {
    "id": 1777708137645.5928,
    "ts": "2026-05-02T07:48:57.645Z",
    "level": "info",
    "message": "Full sync complete: ok",
    "meta": {
      "company": "Company3"
    },
    "company": "Company3"
  },
  {
    "id": 1777706094556.731,
    "ts": "2026-05-02T07:14:54.556Z",
    "level": "info",
    "message": "Full sync complete: ok",
    "meta": {
      "company": "Company3"
    },
    "company": "Company3"
  },
  {
    "id": 1777703383516.8037,
    "ts": "2026-05-02T06:29:43.516Z",
    "level": "info",
    "message": "Full sync complete: ok",
    "meta": {
      "company": "Company3"
    },
    "company": "Company3"
  },
  {
    "id": 1777702864237.646,
    "ts": "2026-05-02T06:21:04.237Z",
    "level": "info",
    "message": "Full sync complete: ok",
    "meta": {
      "company": "Company3"
    },
    "company": "Company3"
  },
  {
    "id": 1777702767661.3394,
    "ts": "2026-05-02T06:19:27.661Z",
    "level": "info",
    "message": "Full sync complete: ok",
    "meta": {
      "company": "Company3"
    },
    "company": "Company3"
  },
  {
    "id": 1777543239066.7239,
    "ts": "2026-04-30T10:00:39.066Z",
    "level": "info",
    "message": "Full sync complete: ok",
    "meta": {
      "company": "Company3"
    },
    "company": "Company3"
  },
  {
    "id": 1777529971088.3142,
    "ts": "2026-04-30T06:19:31.088Z",
    "level": "info",
    "message": "Full sync complete: ok",
    "meta": {
      "company": "Company3"
    },
    "company": "Company3"
  }
]